<?xml version="1.0" encoding="utf-8"?><testsuites><testsuite name="pytest" errors="0" failures="0" skipped="0" tests="4" time="1.821" timestamp="2023-09-03T05:04:32.739324" hostname="jose-dev-env"><testcase classname="tests.api.test_api.TestBatchPipeline" name="test_should_failed_unkown_column_1" time="0.021" /><testcase classname="tests.api.test_api.TestBatchPipeline" name="test_should_failed_unkown_column_2" time="0.007" /><testcase classname="tests.api.test_api.TestBatchPipeline" name="test_should_failed_unkown_column_3" time="0.006" /><testcase classname="tests.api.test_api.TestBatchPipeline" name="test_should_get_predict" time="0.035" /></testsuite></testsuites>